// Jest Snapshot v1, https://goo.gl/fbAQLP

exports[`renders AddExpenseLink correctly 1`] = `
<NavLink
  activeClassName="is-active-navlink"
  className="add-expense-link"
  to="/create"
>
  Add Expense
</NavLink>
`;
