// Jest Snapshot v1, https://goo.gl/fbAQLP

exports[`Should render AddExpensePage correctly 1`] = `
<article>
  <h1>
    Add Expense
  </h1>
  <ExpenseForm
    onSubmit={[Function]}
  />
</article>
`;
