// Jest Snapshot v1, https://goo.gl/fbAQLP

exports[`Should render ExpenseListItem correctly 1`] = `
<section>
  <h3>
    <Link
      to="/edit/1"
    >
      Ice cream
    </Link>
  </h3>
  <p>
    â‚¬25.55
    -
    January 1st, 1970. At: 1:00 AM
  </p>
  <p />
</section>
`;
